// Jest Snapshot v1, https://goo.gl/fbAQLP

exports[`cleanBook 1`] = `
Object {
  "authors": Array [
    "Yaa Gyasi",
  ],
  "canonicalVolumeLink": "https://books.google.com/books/about/Transcendent_Kingdom.html?hl=&id=ty19yQEACAAJ",
  "categories": Array [
    "Fiction",
  ],
  "dateFinished": "2020-09-12",
  "description": "A novel about faith, science, religion, and family that tells the deeply moving portrait of a family of Ghanaian immigrants ravaged by depression and addiction and grief, narrated by a fifth year candidate in neuroscience at Stanford school of medicine studying the neural circuits of reward seeking behavior in miceâ€¦",
  "imageLinks": Object {
    "smallThumbnail": "https://books.google.com/books/content?id=ty19yQEACAAJ&printsec=frontcover&img=1&zoom=5&source=gbs_api",
    "thumbnail": "https://books.google.com/books/content?id=ty19yQEACAAJ&printsec=frontcover&img=1&zoom=1&source=gbs_api",
  },
  "industryIdentifiers": Array [
    Object {
      "identifier": "0525658181",
      "type": "ISBN_10",
    },
    Object {
      "identifier": "9780525658184",
      "type": "ISBN_13",
    },
  ],
  "isbn": "0525658181",
  "language": "en",
  "notes": "I loved it!",
  "pageCount": 288,
  "printType": "BOOK",
  "publishedDate": "2020",
  "title": "Transcendent Kingdom",
}
`;
